Python script executed successfully\!